0 verbose cli G:\Program Files\nodejs\node.exe G:\Program Files\nodejs\node_modules\npm\bin\npm-cli.js
1 info using npm@11.16.0
2 info using node@v24.18.0
3 silly config load:file:G:\Program Files\nodejs\node_modules\npm\npmrc
4 silly config load:file:G:\Web\Sharafi\Sharafi-Skin-Care\e2e\.npmrc
5 silly config load:file:C:\Users\Yas\.npmrc
6 silly config load:file:C:\Users\Yas\AppData\Roaming\npm\etc\npmrc
7 verbose title npm ci
8 verbose argv "ci" "--ignore-scripts" "--no-audit" "--no-fund" "--cache" ".\\.npm-cache"
9 verbose logfile logs-max:10 dir:G:\Web\Sharafi\Sharafi-Skin-Care\e2e\.npm-cache\_logs\2026-08-14T19_29_38_145Z-
10 verbose logfile G:\Web\Sharafi\Sharafi-Skin-Care\e2e\.npm-cache\_logs\2026-08-14T19_29_38_145Z-debug-0.log
11 silly logfile done cleaning log files
12 silly packumentCache heap:4496293888 maxSize:1124073472 maxEntrySize:562036736
13 silly packumentCache heap:4496293888 maxSize:1124073472 maxEntrySize:562036736
14 silly idealTree buildDeps
15 silly reify moves {}
16 http cache playwright-core@https://registry.npmjs.org/playwright-core/-/playwright-core-1.60.0.tgz 0ms (cache hit)
17 http cache playwright@https://registry.npmjs.org/playwright/-/playwright-1.60.0.tgz 0ms (cache hit)
18 http cache @playwright/test@https://registry.npmjs.org/@playwright/test/-/test-1.60.0.tgz 0ms (cache hit)
19 silly tarball no local data for playwright-core@https://registry.npmjs.org/playwright-core/-/playwright-core-1.60.0.tgz. Extracting by manifest.
20 silly tarball no local data for playwright@https://registry.npmjs.org/playwright/-/playwright-1.60.0.tgz. Extracting by manifest.
21 silly tarball no local data for @playwright/test@https://registry.npmjs.org/@playwright/test/-/test-1.60.0.tgz. Extracting by manifest.
22 http fetch GET 200 https://registry.npmjs.org/@playwright/test/-/test-1.60.0.tgz 454ms (cache miss)
23 http fetch GET 200 https://registry.npmjs.org/playwright/-/playwright-1.60.0.tgz 1009ms (cache miss)
24 http fetch GET 200 https://registry.npmjs.org/playwright-core/-/playwright-core-1.60.0.tgz 1917ms (cache miss)
25 silly ADD node_modules/playwright-core
26 silly ADD node_modules/playwright
27 silly ADD node_modules/@playwright/test
28 verbose cwd G:\Web\Sharafi\Sharafi-Skin-Care\e2e
29 verbose os Windows_NT 10.0.26200
30 verbose node v24.18.0
31 verbose npm  v11.16.0
32 verbose exit 0
33 info ok
